
> nextjs-commerce-updated@0.1.0 build
> eslint . && next build

node.exe : [baseline-browser-mapping] The data in this 
module is over two months old.  To ensure accurate 
Baseline data, please update: `npm i 
baseline-browser-mapping@latest -D`
At C:\Program Files\nodejs\npm.ps1:29 char:3
+   & $NODE_EXE $NPM_CLI_JS $args
+   ~~~~~~~~~~~~~~~~~~~~~~~~~~~~~
    + CategoryInfo          : NotSpecified: ([baseline-b 
   rows...ping@latest -D`:String) [], RemoteException
    + FullyQualifiedErrorId : NativeCommandError
 
 ΓÜá Warning: Next.js inferred your workspace root, but 
it may not be correct.
 We detected multiple lockfiles and selected the 
directory of C:\xampp\htdocs\trad\package-lock.json as 
the root directory.
 To silence this warning, set `turbopack.root` in your 
Next.js config, or consider removing one of the 
lockfiles if it's not needed.
   See https://nextjs.org/docs/app/api-reference/config/n
ext-config-js/turbopack#root-directory for more 
information.
 Detected additional lockfiles: 
   * C:\xampp\htdocs\trad\storefront\package-lock.json

   Γû▓ Next.js 16.0.10 (Turbopack)
   - Environments: .env.local, .env.production
   - Experiments (use with caution):
     ┬╖ optimizePackageImports
     ┬╖ serverActions

   Creating an optimized production build ...
[baseline-browser-mapping] The data in this module is 
over two months old.  To ensure accurate Baseline data, 
please update: `npm i baseline-browser-mapping@latest -D`
 Γ£ô Compiled successfully in 8.2s
   Running TypeScript ...
Failed to compile.

./src/components/home/RenderThemeCustomization.tsx:42:65
Type error: Type '{ key: string; options: any; }' is not 
assignable to type 'IntrinsicAttributes'.
  Property 'options' does not exist on type 
'IntrinsicAttributes'.

[0m [90m 40 |[39m                     
[36mswitch[39m (node[33m.[39mtype) {
 [90m 41 |[39m                         [36mcase[39m 
[32m"image_carousel"[39m[33m:[39m
[31m[1m>[22m[39m[90m 42 |[39m                      
       [36mreturn[39m 
[33m<[39m[33mImageCarousel[39m 
key[33m=[39m{node[33m.[39mid} 
options[33m=[39m{options [36mas[39m any} 
[33m/[39m[33m>[39m[33m;[39m
 [90m    |[39m                                         
                        [31m[1m^[22m[39m
 [90m 43 |[39m                         [36mcase[39m 
[32m"product_carousel"[39m[33m:[39m {
 [90m 44 |[39m                             
productCarouselIndex[33m++[39m[33m;[39m
 [90m 45 |[39m                             
[36mconst[39m opts [33m=[39m options [36mas[39m 
any[33m;[39m[0m
Next.js build worker exited with code: 1 and signal: null
